warning: use of deprecated struct `bollard::container::Config`: use the OpenAPI generated bollard::models::ContainerCreateBody or bollard_stubs::models::ContainerConfig as appropriate
 --> src\utils\docker.rs:4:5
  |
4 |     Config, CreateContainerOptions, RemoveContainerOptions, StartContainerOptions,
  |     ^^^^^^
  |
  = note: `#[warn(deprecated)]` on by default

warning: use of deprecated struct `bollard::container::CreateContainerOptions`: use the OpenAPI generated bollard::query_parameters::CreateContainerOptions and associated CreateContainerOptionsBuilder
 --> src\utils\docker.rs:4:13
  |
4 |     Config, CreateContainerOptions, RemoveContainerOptions, StartContainerOptions,
  |             ^^^^^^^^^^^^^^^^^^^^^^

warning: use of deprecated struct `bollard::container::RemoveContainerOptions`: use the OpenAPI generated bollard::query_parameters::RemoveContainerOptions and associated RemoveContainerOptionsBuilder
 --> src\utils\docker.rs:4:37
  |
4 |     Config, CreateContainerOptions, RemoveContainerOptions, StartContainerOptions,
  |                                     ^^^^^^^^^^^^^^^^^^^^^^

warning: use of deprecated struct `bollard::container::StartContainerOptions`: use the OpenAPI generated bollard::query_parameters::StartContainerOptions and associated StartContainerOptionsBuilder
 --> src\utils\docker.rs:4:61
  |
4 |     Config, CreateContainerOptions, RemoveContainerOptions, StartContainerOptions,
  |                                                             ^^^^^^^^^^^^^^^^^^^^^

warning: use of deprecated struct `bollard::container::StopContainerOptions`: use the OpenAPI generated bollard::query_parameters::StopContainerOptions and associated StopContainerOptionsBuilder
 --> src\utils\docker.rs:5:5
  |
5 |     StopContainerOptions, UploadToContainerOptions,
  |     ^^^^^^^^^^^^^^^^^^^^

warning: use of deprecated struct `bollard::container::UploadToContainerOptions`: use the OpenAPI generated bollard::query_parameters::UploadToContainerOptions and associated UploadToContainerOptionsBuilder
 --> src\utils\docker.rs:5:27
  |
5 |     StopContainerOptions, UploadToContainerOptions,
  |                           ^^^^^^^^^^^^^^^^^^^^^^^^

warning: use of deprecated struct `bollard::image::BuildImageOptions`: use the OpenAPI generated bollard::query_parameters::BuildImageOptions and associated BuildImageOptionsBuilder
 --> src\utils\docker.rs:8:22
  |
8 | use bollard::image::{BuildImageOptions, RemoveImageOptions};
  |                      ^^^^^^^^^^^^^^^^^

warning: use of deprecated struct `bollard::image::RemoveImageOptions`: use the OpenAPI generated bollard::query_parameters::RemoveImageOptions and associated RemoveImageOptionsBuilder
 --> src\utils\docker.rs:8:41
  |
8 | use bollard::image::{BuildImageOptions, RemoveImageOptions};
  |                                         ^^^^^^^^^^^^^^^^^^

warning: use of deprecated struct `bollard::image::BuildImageOptions`: use the OpenAPI generated bollard::query_parameters::BuildImageOptions and associated BuildImageOptionsBuilder
  --> src\utils\docker.rs:56:23
   |
56 |         let options = BuildImageOptions {
   |                       ^^^^^^^^^^^^^^^^^

warning: use of deprecated struct `bollard::container::Config`: use the OpenAPI generated bollard::models::ContainerCreateBody or bollard_stubs::models::ContainerConfig as appropriate
   --> src\utils\docker.rs:124:22
    |
124 |         let config = Config {
    |                      ^^^^^^

warning: use of deprecated struct `bollard::container::CreateContainerOptions`: use the OpenAPI generated bollard::query_parameters::CreateContainerOptions and associated CreateContainerOptionsBuilder
   --> src\utils\docker.rs:138:23
    |
138 |         let options = CreateContainerOptions {
    |                       ^^^^^^^^^^^^^^^^^^^^^^

warning: use of deprecated struct `bollard::container::StartContainerOptions`: use the OpenAPI generated bollard::query_parameters::StartContainerOptions and associated StartContainerOptionsBuilder
   --> src\utils\docker.rs:156:51
    |
156 |             .start_container(container_id, None::<StartContainerOptions<String>>)
    |                                                   ^^^^^^^^^^^^^^^^^^^^^

warning: use of deprecated struct `bollard::container::StopContainerOptions`: use the OpenAPI generated bollard::query_parameters::StopContainerOptions and associated StopContainerOptionsBuilder
   --> src\utils\docker.rs:166:23
    |
166 |         let options = StopContainerOptions {
    |                       ^^^^^^^^^^^^^^^^^^^^

warning: use of deprecated struct `bollard::container::RemoveContainerOptions`: use the OpenAPI generated bollard::query_parameters::RemoveContainerOptions and associated RemoveContainerOptionsBuilder
   --> src\utils\docker.rs:181:23
    |
181 |         let options = RemoveContainerOptions {
    |                       ^^^^^^^^^^^^^^^^^^^^^^

warning: use of deprecated struct `bollard::container::UploadToContainerOptions`: use the OpenAPI generated bollard::query_parameters::UploadToContainerOptions and associated UploadToContainerOptionsBuilder
   --> src\utils\docker.rs:327:23
    |
327 |         let options = UploadToContainerOptions {
    |                       ^^^^^^^^^^^^^^^^^^^^^^^^

warning: use of deprecated struct `bollard::image::RemoveImageOptions`: use the OpenAPI generated bollard::query_parameters::RemoveImageOptions and associated RemoveImageOptionsBuilder
   --> src\utils\docker.rs:455:23
    |
455 |         let options = RemoveImageOptions {
    |                       ^^^^^^^^^^^^^^^^^^

warning: use of deprecated field `bollard::container::Config::image`: use the OpenAPI generated bollard::models::ContainerCreateBody or bollard_stubs::models::ContainerConfig as appropriate
   --> src\utils\docker.rs:125:13
    |
125 |             image: Some(image_name.to_string()),
    |             ^^^^^^^^^^^^^^^^^^^^^^^^^^^^^^^^^^^

warning: use of deprecated field `bollard::container::Config::working_dir`: use the OpenAPI generated bollard::models::ContainerCreateBody or bollard_stubs::models::ContainerConfig as appropriate
   --> src\utils\docker.rs:126:13
    |
126 |             working_dir: working_dir.map(|s| s.to_string()),
    |             ^^^^^^^^^^^^^^^^^^^^^^^^^^^^^^^^^^^^^^^^^^^^^^^

warning: use of deprecated field `bollard::container::Config::env`: use the OpenAPI generated bollard::models::ContainerCreateBody or bollard_stubs::models::ContainerConfig as appropriate
   --> src\utils\docker.rs:127:13
    |
127 |             env: env_vars,
    |             ^^^^^^^^^^^^^

warning: use of deprecated field `bollard::container::Config::host_config`: use the OpenAPI generated bollard::models::ContainerCreateBody or bollard_stubs::models::ContainerConfig as appropriate
   --> src\utils\docker.rs:128:13
    |
128 | /             host_config: Some(HostConfig {
129 | |                 auto_remove: Some(false),
130 | |                 ..Default::default()
131 | |             }),
    | |______________^

warning: use of deprecated field `bollard::container::Config::attach_stdout`: use the OpenAPI generated bollard::models::ContainerCreateBody or bollard_stubs::models::ContainerConfig as appropriate
   --> src\utils\docker.rs:132:13
    |
132 |             attach_stdout: Some(true),
    |             ^^^^^^^^^^^^^^^^^^^^^^^^^

warning: use of deprecated field `bollard::container::Config::attach_stderr`: use the OpenAPI generated bollard::models::ContainerCreateBody or bollard_stubs::models::ContainerConfig as appropriate
   --> src\utils\docker.rs:133:13
    |
133 |             attach_stderr: Some(true),
    |             ^^^^^^^^^^^^^^^^^^^^^^^^^

warning: use of deprecated field `bollard::container::Config::tty`: use the OpenAPI generated bollard::models::ContainerCreateBody or bollard_stubs::models::ContainerConfig as appropriate
   --> src\utils\docker.rs:134:13
    |
134 |             tty: Some(true),
    |             ^^^^^^^^^^^^^^^

warning: use of deprecated field `bollard::container::CreateContainerOptions::name`: use the OpenAPI generated bollard::query_parameters::CreateContainerOptions and associated CreateContainerOptionsBuilder
   --> src\utils\docker.rs:139:13
    |
139 |             name: container_name,
    |             ^^^^^^^^^^^^^^^^^^^^

error[E0283]: type annotations needed
    --> src\utils\docker.rs:197:61
     |
197  |         match self.client.inspect_container(container_name, None).await {
     |                           -----------------                 ^^^^ cannot infer type of the type parameter `T` declared on the enum `Option`
     |                           |
     |                           required by a bound introduced by this call
     |
     = note: cannot satisfy `_: Into<bollard::query_parameters::InspectContainerOptions>`
note: required by a bound in `container::<impl Docker>::inspect_container`
    --> C:\Users\Steve Business\.cargo\registry\src\index.crates.io-1949cf8c6b5b557f\bollard-0.19.0\src\container.rs:1916:30
     |
1913 |     pub async fn inspect_container(
     |                  ----------------- required by a bound in this associated function
...
1916 |         options: Option<impl Into<crate::query_parameters::InspectContainerOptions>>,
     |                              ^^^^^^^^^^^^^^^^^^^^^^^^^^^^^^^^^^^^^^^^^^^^^^^^^^^^^^ required by this bound in `container::<impl Docker>::inspect_container`
help: consider specifying the generic argument
     |
197  |         match self.client.inspect_container(container_name, None::<T>).await {
     |                                                                 +++++

warning: use of deprecated field `bollard::container::UploadToContainerOptions::path`: use the OpenAPI generated bollard::query_parameters::UploadToContainerOptions and associated UploadToContainerOptionsBuilder
   --> src\utils\docker.rs:328:13
    |
328 |             path: dest_dir.to_string_lossy().to_string(),
    |             ^^^^^^^^^^^^^^^^^^^^^^^^^^^^^^^^^^^^^^^^^^^^

error[E0277]: the trait bound `Either<Full<Bytes>, StreamBody<Pin<Box<...>>>>: From<...>` is not satisfied
   --> src\utils\docker.rs:333:72
    |
333 |             .upload_to_container(container_id, Some(options), tar_data.into())
    |                                                                        ^^^^ the trait `From<Vec<u8>>` is not implemented for `Either<Full<Bytes>, StreamBody<Pin<Box<...>>>>`
    |
    = note: required for `Vec<u8>` to implement `Into<http_body_util::either::Either<http_body_util::full::Full<bytes::bytes::Bytes>, http_body_util::stream::StreamBody<Pin<Box<dyn Stream<Item = Result<http_body::frame::Frame<bytes::bytes::Bytes>, std::io::Error>> + std::marker::Send>>>>>`
    = note: the full name for the type has been written to 'D:\rsdoc-llms\dgm\target\debug\deps\dgm-665c8482fcc3cc56.long-type-7956110604080854781.txt'
    = note: consider using `--verbose` to print the full type name to the console

error[E0107]: method takes 0 generic arguments but 1 generic argument was supplied
    --> src\utils\docker.rs:373:14
     |
373  |             .download_from_container::<String>(&source_path.to_string_lossy(), None);
     |              ^^^^^^^^^^^^^^^^^^^^^^^---------- help: remove the unnecessary generics
     |              |
     |              expected 0 generic arguments
     |
note: method defined here, with 0 generic parameters
    --> C:\Users\Steve Business\.cargo\registry\src\index.crates.io-1949cf8c6b5b557f\bollard-0.19.0\src\container.rs:2552:12
     |
2552 |     pub fn download_from_container(
     |            ^^^^^^^^^^^^^^^^^^^^^^^
     = note: `impl Trait` cannot be explicitly specified as a generic argument

error[E0277]: the trait bound `bollard::query_parameters::DownloadFromContainerOptions: From<std::string::String>` is not satisfied       
    --> src\utils\docker.rs:373:40
     |
373  |             .download_from_container::<String>(&source_path.to_string_lossy(), None);
     |              -----------------------   ^^^^^^ the trait `From<std::string::String>` is not implemented for `bollard::query_parameters::DownloadFromContainerOptions`
     |              |
     |              required by a bound introduced by this call
     |
     = help: the trait `From<std::string::String>` is not implemented for `bollard::query_parameters::DownloadFromContainerOptions`       
             but trait `From<bollard::container::DownloadFromContainerOptions<_>>` is implemented for it
     = help: for that trait implementation, expected `bollard::container::DownloadFromContainerOptions<_>`, found `std::string::String`   
     = note: required for `std::string::String` to implement `Into<bollard::query_parameters::DownloadFromContainerOptions>`
note: required by a bound in `container::<impl Docker>::download_from_container`
    --> C:\Users\Steve Business\.cargo\registry\src\index.crates.io-1949cf8c6b5b557f\bollard-0.19.0\src\container.rs:2555:30
     |
2552 |     pub fn download_from_container(
     |            ----------------------- required by a bound in this associated function
...
2555 |         options: Option<impl Into<crate::query_parameters::DownloadFromContainerOptions>>,
     |                              ^^^^^^^^^^^^^^^^^^^^^^^^^^^^^^^^^^^^^^^^^^^^^^^^^^^^^^^^^^^ required by this bound in `container::<impl Docker>::download_from_container`

error[E0277]: the trait bound `bollard::query_parameters::DownloadFromContainerOptions: From<std::string::String>` is not satisfied      
    --> src\utils\docker.rs:376:33
     |
376  |         while let Some(chunk) = stream.next().await {
     |                                 ^^^^^^^^^^^^^ the trait `From<std::string::String>` is not implemented for `bollard::query_parameters::DownloadFromContainerOptions`
     |
     = help: the trait `From<std::string::String>` is not implemented for `bollard::query_parameters::DownloadFromContainerOptions`       
             but trait `From<bollard::container::DownloadFromContainerOptions<_>>` is implemented for it
     = help: for that trait implementation, expected `bollard::container::DownloadFromContainerOptions<_>`, found `std::string::String`   
     = note: required for `std::string::String` to implement `Into<bollard::query_parameters::DownloadFromContainerOptions>`
note: required by a bound in `container::<impl Docker>::download_from_container`
    --> C:\Users\Steve Business\.cargo\registry\src\index.crates.io-1949cf8c6b5b557f\bollard-0.19.0\src\container.rs:2555:30
     |
2552 |     pub fn download_from_container(
     |            ----------------------- required by a bound in this associated function
...
2555 |         options: Option<impl Into<crate::query_parameters::DownloadFromContainerOptions>>,
     |                              ^^^^^^^^^^^^^^^^^^^^^^^^^^^^^^^^^^^^^^^^^^^^^^^^^^^^^^^^^^^ required by this bound in `container::<impl Docker>::download_from_container`

error[E0277]: the trait bound `bollard::query_parameters::DownloadFromContainerOptions: From<std::string::String>` is not satisfied       
    --> src\utils\docker.rs:376:47
     |
376  |         while let Some(chunk) = stream.next().await {
     |                                               ^^^^^ the trait `From<std::string::String>` is not implemented for `bollard::query_parameters::DownloadFromContainerOptions`
     |
     = help: the trait `From<std::string::String>` is not implemented for `bollard::query_parameters::DownloadFromContainerOptions`       
             but trait `From<bollard::container::DownloadFromContainerOptions<_>>` is implemented for it
     = help: for that trait implementation, expected `bollard::container::DownloadFromContainerOptions<_>`, found `std::string::String`   
     = note: required for `std::string::String` to implement `Into<bollard::query_parameters::DownloadFromContainerOptions>`
note: required by a bound in `container::<impl Docker>::download_from_container`
    --> C:\Users\Steve Business\.cargo\registry\src\index.crates.io-1949cf8c6b5b557f\bollard-0.19.0\src\container.rs:2555:30
     |
2552 |     pub fn download_from_container(
     |            ----------------------- required by a bound in this associated function
...
2555 |         options: Option<impl Into<crate::query_parameters::DownloadFromContainerOptions>>,
     |                              ^^^^^^^^^^^^^^^^^^^^^^^^^^^^^^^^^^^^^^^^^^^^^^^^^^^^^^^^^^^ required by this bound in `container::<impl Docker>::download_from_container`

warning: use of deprecated field `bollard::container::StopContainerOptions::t`: use the OpenAPI generated bollard::query_parameters::StopContainerOptions and associated StopContainerOptionsBuilder
   --> src\utils\docker.rs:167:13
    |
167 |             t: timeout_secs as i64,
    |             ^^^^^^^^^^^^^^^^^^^^^^

warning: use of deprecated field `bollard::container::RemoveContainerOptions::force`: use the OpenAPI generated bollard::query_parameters::RemoveContainerOptions and associated RemoveContainerOptionsBuilder
   --> src\utils\docker.rs:182:13
    |
182 |             force,
    |             ^^^^^

warning: use of deprecated field `bollard::image::BuildImageOptions::dockerfile`: use the OpenAPI generated bollard::query_parameters::BuildImageOptions and associated BuildImageOptionsBuilder
  --> src\utils\docker.rs:57:13
   |
57 | /             dockerfile: dockerfile_path
58 | |                 .file_name()
59 | |                 .and_then(|n| n.to_str())
60 | |                 .unwrap_or("Dockerfile"),
   | |________________________________________^

warning: use of deprecated field `bollard::image::BuildImageOptions::t`: use the OpenAPI generated bollard::query_parameters::BuildImageOptions and associated BuildImageOptionsBuilder
  --> src\utils\docker.rs:61:13
   |
61 |             t: image_name,
   |             ^^^^^^^^^^^^^

warning: use of deprecated field `bollard::image::BuildImageOptions::rm`: use the OpenAPI generated bollard::query_parameters::BuildImageOptions and associated BuildImageOptionsBuilder
  --> src\utils\docker.rs:62:13
   |
62 |             rm: true,
   |             ^^^^^^^^

error[E0277]: the trait bound `Either<Full<Bytes>, StreamBody<Pin<Box<...>>>>: From<...>` is not satisfied
  --> src\utils\docker.rs:66:84
   |
66 |         let mut stream = self.client.build_image(options, None, Some(build_context.into()));
   |                                                                                    ^^^^ the trait `From<Vec<u8>>` is not implemented for `Either<Full<Bytes>, StreamBody<Pin<Box<...>>>>`
   |
   = note: required for `Vec<u8>` to implement `Into<http_body_util::either::Either<http_body_util::full::Full<bytes::bytes::Bytes>, http_body_util::stream::StreamBody<Pin<Box<dyn Stream<Item = Result<http_body::frame::Frame<bytes::bytes::Bytes>, std::io::Error>> + std::marker::Send>>>>>`
   = note: the full name for the type has been written to 'D:\rsdoc-llms\dgm\target\debug\deps\dgm-665c8482fcc3cc56.long-type-4651344331277219885.txt'
   = note: consider using `--verbose` to print the full type name to the console

warning: use of deprecated field `bollard::image::RemoveImageOptions::force`: use the OpenAPI generated bollard::query_parameters::RemoveImageOptions and associated RemoveImageOptionsBuilder
   --> src\utils\docker.rs:456:13
    |
456 |             force,
    |             ^^^^^

error[E0283]: type annotations needed
    --> src\utils\docker.rs:495:46
     |
495  |             .inspect_container(container_id, None)
     |              -----------------               ^^^^ cannot infer type of the type parameter `T` declared on the enum `Option`        
     |              |
     |              required by a bound introduced by this call
     |
     = note: cannot satisfy `_: Into<bollard::query_parameters::InspectContainerOptions>`
note: required by a bound in `container::<impl Docker>::inspect_container`
    --> C:\Users\Steve Business\.cargo\registry\src\index.crates.io-1949cf8c6b5b557f\bollard-0.19.0\src\container.rs:1916:30
     |
1913 |     pub async fn inspect_container(
     |                  ----------------- required by a bound in this associated function
...
1916 |         options: Option<impl Into<crate::query_parameters::InspectContainerOptions>>,
     |                              ^^^^^^^^^^^^^^^^^^^^^^^^^^^^^^^^^^^^^^^^^^^^^^^^^^^^^^ required by this bound in `container::<impl Docker>::inspect_container`
help: consider specifying the generic argument
     |
495  |             .inspect_container(container_id, None::<T>)
     |                                                  +++++

Some errors have detailed explanations: E0107, E0277, E0283.
For more information about an error, try `rustc --explain E0107`.
warning: `dgm` (lib) generated 31 warnings
error: could not compile `dgm` (lib) due to 8 previous errors; 31 warnings emitted
